TOKEN: 1004 NONTERMINAL
TOKEN: 1000 COLON
TOKEN: 1004 NONTERMINAL
TOKEN: 1003 TERMINAL
TOKEN: 1004 NONTERMINAL
TOKEN: 1003 TERMINAL
TOKEN: 1001 SEMICOLON
TOKEN: 1004 NONTERMINAL
TOKEN: 1000 COLON
TOKEN: 1004 NONTERMINAL
TOKEN: 1004 NONTERMINAL
TOKEN: 1004 NONTERMINAL
TOKEN: 1001 SEMICOLON
TOKEN: 1004 NONTERMINAL
TOKEN: 1000 COLON
TOKEN: 1003 TERMINAL
TOKEN: 1004 NONTERMINAL
TOKEN: 1002 VBAR
TOKEN: 1001 SEMICOLON
TOKEN: 1004 NONTERMINAL
TOKEN: 1000 COLON
TOKEN: 1004 NONTERMINAL
TOKEN: 1004 NONTERMINAL
TOKEN: 1002 VBAR
TOKEN: 1001 SEMICOLON
TOKEN: 1004 NONTERMINAL
TOKEN: 1000 COLON
TOKEN: 1003 TERMINAL
TOKEN: 1002 VBAR
TOKEN: 1003 TERMINAL
TOKEN: 1001 SEMICOLON
TOKEN: 1004 NONTERMINAL
TOKEN: 1000 COLON
TOKEN: 1003 TERMINAL
TOKEN: 1002 VBAR
TOKEN: 1004 NONTERMINAL
TOKEN: 1001 SEMICOLON
TOKEN: -1 Invalid
