Token: 1012, value=[
Token: 1009, value={
Token: 1000, value=employee
Token: 1008, value=:
Token: 1009, value={
Token: 1000, value=name
Token: 1008, value=:
Token: 1000, value=sonoo
Token: 1007, value=,
Token: 1000, value=salary
Token: 1008, value=:
Token: 1001, value=56000
Token: 1007, value=,
Token: 1000, value=married
Token: 1008, value=:
Token: 1004, value=true
Token: 1007, value=,
Token: 1000, value=description
Token: 1008, value=:
Token: 1000, value=text\twith\tescapes
Token: 1007, value=,
Token: 1000, value=extra
Token: 1008, value=:
Token: 1000, value=text with "double quotes"
Token: 1010, value=}
Token: 1007, value=,
Token: 1000, value=history
Token: 1008, value=:
Token: 1012, value=[
Token: 1000, value=2002
Token: 1007, value=,
Token: 1000, value=2003
Token: 1007, value=,
Token: 1000, value=2004
Token: 1011, value=]
Token: 1007, value=,
Token: 1000, value=values
Token: 1008, value=:
Token: 1012, value=[
Token: 1001, value=1827
Token: 1002, value=.0
Token: 1007, value=,
Token: 1001, value=1882
Token: 1002, value=.7
Token: 1007, value=,
Token: 1001, value=1889
Token: 1002, value=.5
Token: 1007, value=,
Token: 1001, value=1928
Token: 1002, value=.4
Token: 1011, value=]
Token: 1010, value=}
Token: 1007, value=,
Token: 1012, value=[
Token: 1001, value=12
Token: 1002, value=.64
Token: 1003, value=E+5
Token: 1007, value=,
Token: 1001, value=7373
Token: 1007, value=,
Token: 1001, value=-1
Token: 1002, value=.26
Token: 1003, value=e-5
Token: 1011, value=]
Token: 1011, value=]
